ImpactMIS listening on port 3000
[0mPOST /login [36m302[0m 1490.463 ms - 42[0m
[0mPOST /developer/tenants [36m302[0m 857.317 ms - 42[0m
[0mPOST /developer/tenants/4 [36m302[0m 6.457 ms - 42[0m
[0mPOST /developer/dashboard [36m302[0m 5.132 ms - 42[0m
[0mPOST /developer/dashboard [36m302[0m 6.376 ms - 42[0m
[0mPOST /developer/dashboard [36m302[0m 21.473 ms - 42[0m
[0mPOST /developer/dashboard [36m302[0m 6.722 ms - 42[0m
[0mPOST /developer/dashboard [36m302[0m 4.111 ms - 42[0m
[0mPOST /developer/dashboard [36m302[0m 21.099 ms - 42[0m
[0mPOST /developer/dashboard [36m302[0m 5.069 ms - 42[0m
[0mPOST /developer/dashboard [36m302[0m 17.569 ms - 42[0m
[0mPOST /developer/dashboard [36m302[0m 15.781 ms - 42[0m
[0mPOST /developer/dashboard [36m302[0m 9.550 ms - 42[0m
[0mPOST /developer/dashboard [36m302[0m 18.483 ms - 42[0m
[0mPOST /developer/dashboard [36m302[0m 15.135 ms - 42[0m
[0mPOST /developer/dashboard [36m302[0m 8.098 ms - 42[0m
[0mPOST /developer/dashboard [36m302[0m 5.668 ms - 42[0m
[0mPOST /developer/dashboard [36m302[0m 14.929 ms - 42[0m
[0mPOST /developer/dashboard [36m302[0m 11.943 ms - 42[0m
[0mPOST /developer/dashboard [36m302[0m 19.431 ms - 42[0m
[0mPOST /developer/dashboard [36m302[0m 9.073 ms - 42[0m
[0mPOST /developer/dashboard [36m302[0m 13.068 ms - 42[0m
[0mPOST /developer/dashboard [36m302[0m 3.858 ms - 42[0m
[0mPOST /developer/dashboard [36m302[0m 35.235 ms - 42[0m
[0mPOST /developer/dashboard [36m302[0m 13.602 ms - 42[0m
[0mPOST /developer/dashboard [36m302[0m 8.109 ms - 42[0m
[0mPOST /developer/dashboard [36m302[0m 26.742 ms - 42[0m
[0mPOST /developer/dashboard [36m302[0m 5.568 ms - 42[0m
[0mPOST /developer/dashboard [36m302[0m 12.199 ms - 42[0m
[0mPOST /developer/dashboard [36m302[0m 5.781 ms - 42[0m
[0mPOST /developer/dashboard [36m302[0m 5.592 ms - 42[0m
[0mPOST /developer/dashboard [36m302[0m 4.938 ms - 42[0m
[0mPOST /developer/dashboard [36m302[0m 5.225 ms - 42[0m
[0mPOST /developer/dashboard [36m302[0m 3.961 ms - 42[0m
[0mPOST /developer/dashboard [36m302[0m 20.236 ms - 42[0m
[0mPOST /developer/dashboard [36m302[0m 18.884 ms - 42[0m
[0mPOST /developer/dashboard [36m302[0m 13.542 ms - 42[0m
[0mPOST /developer/dashboard [36m302[0m 10.755 ms - 42[0m
[0mPOST /developer/dashboard [36m302[0m 3.937 ms - 42[0m
[0mPOST /developer/dashboard [36m302[0m 6.984 ms - 42[0m
[0mPOST /developer/dashboard [36m302[0m 6.074 ms - 42[0m
[0mPOST /developer/dashboard [36m302[0m 7.900 ms - 42[0m
[0mPOST /developer/dashboard [36m302[0m 7.255 ms - 42[0m
[0mPOST /developer/dashboard [36m302[0m 5.324 ms - 42[0m
[0mPOST /developer/dashboard [36m302[0m 11.837 ms - 42[0m
[0mPOST /developer/dashboard [36m302[0m 4.575 ms - 42[0m
[0mPOST /developer/dashboard [36m302[0m 8.072 ms - 42[0m
[0mPOST /developer/dashboard [36m302[0m 15.119 ms - 42[0m
[0mPOST /developer/dashboard [36m302[0m 3.218 ms - 42[0m
[0mPOST /developer/dashboard [36m302[0m 7.300 ms - 42[0m
[0mPOST /developer/dashboard [36m302[0m 6.304 ms - 42[0m
[0mPOST /developer/dashboard [36m302[0m 3.378 ms - 42[0m
[0mGET /developer/tenants?search=Hope [32m200[0m 332.039 ms - 6660[0m
[0mGET /developer/tenants/4 [32m200[0m 57.431 ms - 9771[0m
[0mPOST /developer/tenants/4/suspend [36m302[0m 12.063 ms - 42[0m
[0mPOST /login [36m302[0m 665.016 ms - 32[0m
[0mGET /dashboard [36m302[0m 8.972 ms - 38[0m
[0mGET /license-expired [32m200[0m 23.692 ms - 3758[0m
[0mPOST /developer/tenants/4/reactivate [36m302[0m 15.359 ms - 42[0m
[0mPOST /login [36m302[0m 341.936 ms - 32[0m
[0mGET /dashboard [36m302[0m 14.579 ms - 38[0m
